../Core/Src/main.c:157:10:millis	4	static
../Core/Src/main.c:161:6:delay_ms	24	static
../Core/Src/main.c:166:5:analogRead	16	static
../Core/Src/main.c:174:6:WS2812_Init	24	static
../Core/Src/main.c:188:6:Set_LED	48	static
../Core/Src/main.c:213:6:Reset_LED	16	static
../Core/Src/main.c:223:6:WS2812_Send	8	static
../Core/Src/main.c:233:6:Send_LED_Data_To_App	16	static
../Core/Src/main.c:260:6:Reset_LED_Visualizer_State	16	static
../Core/Src/main.c:296:6:Process_Bluetooth_Command	48	static
../Core/Src/main.c:384:6:effect1_ProgressiveBar	24	static
../Core/Src/main.c:399:6:getWaveColor	24	static
../Core/Src/main.c:415:6:addAudioWave	24	static
../Core/Src/main.c:428:6:updateAudioWaves	16	static
../Core/Src/main.c:442:6:effect2_WaveEffect	48	static
../Core/Src/main.c:478:6:addManualBeatWave	8	static
../Core/Src/main.c:486:6:addManualRainbowWave	4	static
../Core/Src/main.c:494:6:updateManualWaves	16	static
../Core/Src/main.c:514:6:getRainbowColor	48	static
../Core/Src/main.c:521:6:drawManualWaves_Overlay	64	static
../Core/Src/main.c:552:6:effect3_CenterPulse	32	static
../Core/Src/main.c:569:6:HSVtoRGB	56	static
../Core/Src/main.c:586:6:effect4_ColorTemperature	48	static
../Core/Src/main.c:612:5:main	56	static
../Core/Src/main.c:723:6:SystemClock_Config	88	static
../Core/Src/main.c:769:13:MX_ADC1_Init	24	static
../Core/Src/main.c:819:13:MX_TIM1_Init	96	static
../Core/Src/main.c:892:13:MX_DMA_Init	16	static
../Core/Src/main.c:915:13:MX_GPIO_Init	24	static
../Core/Src/main.c:927:6:HAL_UART_RxCpltCallback	16	static
../Core/Src/main.c:954:6:HAL_UART_TxCpltCallback	16	static
../Core/Src/main.c:960:6:HAL_IncTick	4	static
../Core/Src/main.c:971:6:Error_Handler	4	static,ignoring_inline_asm
